error[E0308]: mismatched types
 --> compile_fail/wrap_rejects_a_non_anyhow_error_result.rs:6:63
  |
6 |     let _ = ConstructionError::wrap("crate::keys::KeyLoader", outcome);
  |             -----------------------                           ^^^^^^^ expected `Result<_, Error>`, found `Result<u8, Error>`
  |             |
  |             arguments to this function are incorrect
  |
  = note: `std::io::Error` and `anyhow::Error` have similar names, but are actually distinct types
note: `std::io::Error` is defined in crate `std`
 --> $RUST/std/src/io/error.rs
  |
  | pub struct Error {
  | ^^^^^^^^^^^^^^^^
note: `anyhow::Error` is defined in crate `anyhow`
 --> $CARGO/anyhow-$VERSION/src/lib.rs
  |
  | pub struct Error {
  | ^^^^^^^^^^^^^^^^
note: associated function defined here
 --> src/construction_error.rs
  |
  |     pub fn wrap<Constructed>(
  |            ^^^^
