error[E0308]: mismatched types
 --> compile_fail/user_result_rejects_a_non_anyhow_error.rs:6:46
  |
6 |     let _ = CommandOutcome::from_user_result(outcome);
  |             -------------------------------- ^^^^^^^ expected `anyhow::Error`, found `std::io::Error`
  |             |
  |             arguments to this function are incorrect
  |
  = note: `std::io::Error` and `anyhow::Error` have similar names, but are actually distinct types
note: `std::io::Error` is defined in crate `std`
 --> $RUST/std/src/io/error.rs
  |
  | pub struct Error {
  | ^^^^^^^^^^^^^^^^
note: `anyhow::Error` is defined in crate `anyhow`
 --> $CARGO/anyhow-$VERSION/src/lib.rs
  |
  | pub struct Error {
  | ^^^^^^^^^^^^^^^^
note: associated function defined here
 --> src/command_outcome.rs
  |
  |     pub fn from_user_result(result: anyhow::Result<Self>) -> Self {
  |            ^^^^^^^^^^^^^^^^
